<?xml version="1.0" encoding="UTF-8"?>
<testsuites name="jest tests" tests="37" failures="0" errors="0" time="1.409">
  <testsuite name="Validator" errors="0" failures="0" skipped="0" timestamp="2025-12-31T12:36:48" time="0.42" tests="24">
    <testcase classname="Validator isValidEmail validates correct email addresses" name="Validator isValidEmail validates correct email addresses" time="0.008">
    </testcase>
    <testcase classname="Validator isValidEmail rejects invalid email addresses" name="Validator isValidEmail rejects invalid email addresses" time="0.002">
    </testcase>
    <testcase classname="Validator isValidUrl validates correct URLs" name="Validator isValidUrl validates correct URLs" time="0.002">
    </testcase>
    <testcase classname="Validator isValidUrl rejects invalid URLs" name="Validator isValidUrl rejects invalid URLs" time="0.002">
    </testcase>
    <testcase classname="Validator isValidSlug validates correct slugs" name="Validator isValidSlug validates correct slugs" time="0.002">
    </testcase>
    <testcase classname="Validator isValidSlug rejects invalid slugs" name="Validator isValidSlug rejects invalid slugs" time="0.002">
    </testcase>
    <testcase classname="Validator isValidNotionId validates correct Notion IDs" name="Validator isValidNotionId validates correct Notion IDs" time="0.001">
    </testcase>
    <testcase classname="Validator isValidNotionId rejects invalid Notion IDs" name="Validator isValidNotionId rejects invalid Notion IDs" time="0.001">
    </testcase>
    <testcase classname="Validator isValidLength validates string length correctly" name="Validator isValidLength validates string length correctly" time="0">
    </testcase>
    <testcase classname="Validator isValidLength rejects strings outside length range" name="Validator isValidLength rejects strings outside length range" time="0">
    </testcase>
    <testcase classname="Validator isValidNumber validates numbers in range" name="Validator isValidNumber validates numbers in range" time="0.001">
    </testcase>
    <testcase classname="Validator isValidNumber rejects numbers outside range" name="Validator isValidNumber rejects numbers outside range" time="0.001">
    </testcase>
    <testcase classname="Sanitizer stripHtml removes HTML tags" name="Sanitizer stripHtml removes HTML tags" time="0">
    </testcase>
    <testcase classname="Sanitizer stripHtml handles empty or null input" name="Sanitizer stripHtml handles empty or null input" time="0.001">
    </testcase>
    <testcase classname="Sanitizer sanitizeXss removes XSS patterns" name="Sanitizer sanitizeXss removes XSS patterns" time="0.001">
    </testcase>
    <testcase classname="Sanitizer sanitizeXss preserves safe content" name="Sanitizer sanitizeXss preserves safe content" time="0.001">
    </testcase>
    <testcase classname="Sanitizer sanitizeFilename removes illegal characters" name="Sanitizer sanitizeFilename removes illegal characters" time="0.001">
    </testcase>
    <testcase classname="Sanitizer sanitizeFilename replaces spaces with underscores" name="Sanitizer sanitizeFilename replaces spaces with underscores" time="0">
    </testcase>
    <testcase classname="Sanitizer sanitizeFilename removes leading and trailing dots" name="Sanitizer sanitizeFilename removes leading and trailing dots" time="0">
    </testcase>
    <testcase classname="Sanitizer escapeHtml escapes HTML entities" name="Sanitizer escapeHtml escapes HTML entities" time="0.001">
    </testcase>
    <testcase classname="RateLimiter allows requests within limit" name="RateLimiter allows requests within limit" time="0.002">
    </testcase>
    <testcase classname="RateLimiter blocks requests over limit" name="RateLimiter blocks requests over limit" time="0.001">
    </testcase>
    <testcase classname="RateLimiter resets after time window" name="RateLimiter resets after time window" time="0.002">
    </testcase>
    <testcase classname="RateLimiter handles different users separately" name="RateLimiter handles different users separately" time="0.004">
    </testcase>
  </testsuite>
  <testsuite name="LazyImage Component" errors="0" failures="0" skipped="0" timestamp="2025-12-31T12:36:48" time="0.818" tests="13">
    <testcase classname="LazyImage Component renders with required props" name="LazyImage Component renders with required props" time="0.03">
    </testcase>
    <testcase classname="LazyImage Component applies custom className" name="LazyImage Component applies custom className" time="0.004">
    </testcase>
    <testcase classname="LazyImage Component sets width and height attributes" name="LazyImage Component sets width and height attributes" time="0.004">
    </testcase>
    <testcase classname="LazyImage Component handles priority loading" name="LazyImage Component handles priority loading" time="0.005">
    </testcase>
    <testcase classname="LazyImage Component uses lazy loading by default" name="LazyImage Component uses lazy loading by default" time="0.004">
    </testcase>
    <testcase classname="LazyImage Component handles click events" name="LazyImage Component handles click events" time="0.007">
    </testcase>
    <testcase classname="LazyImage Component sets up IntersectionObserver when not priority" name="LazyImage Component sets up IntersectionObserver when not priority" time="0.003">
    </testcase>
    <testcase classname="LazyImage Component does not set up IntersectionObserver for priority images" name="LazyImage Component does not set up IntersectionObserver for priority images" time="0.003">
    </testcase>
    <testcase classname="LazyImage Component handles load event" name="LazyImage Component handles load event" time="0.01">
    </testcase>
    <testcase classname="LazyImage Component handles error gracefully" name="LazyImage Component handles error gracefully" time="0.007">
    </testcase>
    <testcase classname="LazyImage Component applies correct decoding attribute" name="LazyImage Component applies correct decoding attribute" time="0.005">
    </testcase>
    <testcase classname="LazyImage Component handles missing src gracefully" name="LazyImage Component handles missing src gracefully" time="0.005">
    </testcase>
    <testcase classname="LazyImage Component applies custom styles" name="LazyImage Component applies custom styles" time="0.037">
    </testcase>
  </testsuite>
</testsuites>